<html>
<body>
<pre>
<h1>礦ision Build Log</h1>
<h2>Tool Versions:</h2>
IDE-Version: μVision V5.15
Copyright (C) 2015 ARM Ltd and ARM Germany GmbH. All rights reserved.
License Information:  ,  , LIC=DSNNN-YKSQ3-KSUYM-X6SIV-AANN2-P2DLI
 
Tool Versions:
Toolchain:       MDK-ARM Professional  Version: 5.15.0
Toolchain Path:  G:\keil\ARM\ARMCC\Bin
C Compiler:      Armcc.exe V5.05 update 2 (build 169)
Assembler:       Armasm.exe V5.05 update 2 (build 169)
Linker/Locator:  ArmLink.exe V5.05 update 2 (build 169)
Library Manager: ArmAr.exe V5.05 update 2 (build 169)
Hex Converter:   FromElf.exe V5.05 update 2 (build 169)
CPU DLL:         SARMCM3.DLL V5.15.0
Dialog DLL:      DARMSTM.DLL V1.65.0.0
Target DLL:      CMSIS_AGDI.dll V1.21.12.0
Dialog DLL:      TARMSTM.DLL V1.64.0.0
 
<h2>Project:</h2>
F:\各种作业\智能仪器\温度巡检仪-yh\csdn+oled\USER\DS18B20.uvprojx
Project File Date:  11/23/2021

<h2>Output:</h2>
*** Using Compiler 'V5.05 update 2 (build 169)', folder: 'G:\keil\ARM\ARMCC\Bin'
Build target 'Target 1'
compiling main.c...
..\HARDWARE\OLED\oled.h(59): warning:  #1-D: last line of file ends without a newline
  #endif
main.c(23): warning:  #177-D: variable "t" was declared but never referenced
        u8 t=0;         
main.c(25): warning:  #177-D: variable "temperature" was declared but never referenced
        short temperature; 
main.c(35): warning:  #177-D: variable "id" was declared but never referenced
        u32 id;
main.c: 4 warnings, 0 errors
linking...
Program Size: Code=7456 RO-data=6416 RW-data=5220 ZI-data=2788  
FromELF: creating hex file...
"..\OBJ\DS18B20.axf" - 0 Error(s), 4 Warning(s).

<h2>Collection of Component include folders:</h2>
  F:\各种作业\智能仪器\温度巡检仪-yh\csdn+oled\USER\RTE
  D:\keil\ARM\PACK\Keil\STM32F1xx_DFP\1.1.0\Device\Include

<h2>Collection of Component Files used:</h2>
</pre>
</body>
</html>
